program
  declList
    decl
      functionDefn
        type
        paramList
        stmtBlock
          stmtList
            stmt
              varDecl
                type
            stmt
              forStmt
                assignStmt
                  designator
                  expr0
                    expr1
                      expr2
                        expr3
                          literal
                expr0
                  expr1
                    expr2
                      expr3
                        designator
                  op0
                  expr1
                    expr2
                      expr3
                        literal
                assignStmtNoSemi
                  designator
                  expr0
                    expr1
                      expr1
                        expr2
                          expr3
                            designator
                      op1
                      expr2
                        expr3
                          literal
                stmtBlock
                  stmtList
                    stmt
                      callStmt
                        callExpr
                          exprList
                            expr0
                              expr1
                                expr2
                                  expr3
                                    designator
                    stmt
                      callStmt
                        callExpr
                          exprList
