program
  declList
    decl
      varDecl
        type
    decl
      functionDefn
        type
        paramList
        stmtBlock
          stmtList
            stmt
              forStmt
                assignStmt
                  designator
                  expr0
                    expr1
                      expr2
                        expr3
                          literal
                expr0
                  expr1
                    expr2
                      expr3
                        designator
                  op0
                  expr1
                    expr2
                      expr3
                        literal
                assignStmtNoSemi
                  designator
                  expr0
                    expr1
                      expr1
                        expr2
                          expr3
                            designator
                      op1
                      expr2
                        expr3
                          literal
                stmtBlock
                  stmtList
                    stmt
                      ifStmt
                        expr0
                          expr1
                            expr2
                              expr3
                                expr0
                                  expr1
                                    expr2
                                      expr3
                                        designator
                                  op0
                                  expr1
                                    expr2
                                      expr3
                                        literal
                        stmtBlock
                          stmtList
                            stmt
                              ifStmt
                                expr0
                                  expr1
                                    expr2
                                      expr3
                                        expr0
                                          expr1
                                            expr2
                                              expr3
                                                designator
                                          op0
                                          expr1
                                            expr2
                                              expr3
                                                literal
                                stmtBlock
                                  stmtList
                                    stmt
                                      breakStmt
                            stmt
                              assignStmt
                                designator
                                expr0
                                  expr1
                                    expr2
                                      expr2
                                        expr3
                                          designator
                                      op2
                                      expr3
                                        literal
